// Jest Snapshot v1, https://goo.gl/fbAQLP

exports[`Home snapshot renders 1`] = `
<div
  className="css-jqqm4l-Home"
>
  <h1
    className="css-1umvxn8-Home"
  >
    BiteCine SWAPI Challenge
  </h1>
  <section
    className="css-5l9xtq-CharacterList"
  >
    <table
      className="css-1ktkhbs-CharacterList"
    >
      <tbody>
        <tr
          className="css-1l1d4v6-CharacterList"
        >
          <th />
          <th>
            NAME
          </th>
          <th>
            BIRTH YEAR
          </th>
          <th>
            HEIGHT
          </th>
          <th>
            MASS
          </th>
        </tr>
      </tbody>
    </table>
  </section>
</div>
`;

exports[`Renders whole app with pro snapshot renders 1`] = `
<div
  className="css-jqqm4l-Home"
>
  <h1
    className="css-1umvxn8-Home"
  >
    BiteCine SWAPI Challenge
  </h1>
  <section
    className="css-5l9xtq-CharacterList"
  >
    <table
      className="css-1ktkhbs-CharacterList"
    >
      <tbody>
        <tr
          className="css-1l1d4v6-CharacterList"
        >
          <th />
          <th>
            NAME
          </th>
          <th>
            BIRTH YEAR
          </th>
          <th>
            HEIGHT
          </th>
          <th>
            MASS
          </th>
        </tr>
      </tbody>
    </table>
  </section>
</div>
`;

exports[`Renders whole app with provider and compares it to a snapshot snapshot renders 1`] = `
<div
  className="css-jqqm4l-Home"
>
  <h1
    className="css-1umvxn8-Home"
  >
    BiteCine SWAPI Challenge
  </h1>
  <section
    className="css-5l9xtq-CharacterList"
  >
    <table
      className="css-1ktkhbs-CharacterList"
    >
      <tbody>
        <tr
          className="css-1l1d4v6-CharacterList"
        >
          <th />
          <th>
            NAME
          </th>
          <th>
            BIRTH YEAR
          </th>
          <th>
            HEIGHT
          </th>
          <th>
            MASS
          </th>
        </tr>
      </tbody>
    </table>
  </section>
</div>
`;

exports[`snapshot renders 1`] = `
<div
  className="css-jqqm4l-Home"
>
  <h1
    className="css-1umvxn8-Home"
  >
    BiteCine SWAPI Challenge
  </h1>
  <section
    className="css-5l9xtq-CharacterList"
  >
    <table
      className="css-1ktkhbs-CharacterList"
    >
      <tbody>
        <tr
          className="css-1l1d4v6-CharacterList"
        >
          <th />
          <th>
            NAME
          </th>
          <th>
            BIRTH YEAR
          </th>
          <th>
            HEIGHT
          </th>
          <th>
            MASS
          </th>
        </tr>
      </tbody>
    </table>
  </section>
</div>
`;
